▲ Next.js 16.1.6 (Turbopack, Cache Components)
- Local:         http://localhost:4100
- Network:       http://192.168.100.5:4100
- Environments: .env

✓ Starting...
✓ Ready in 5.4s
○ Compiling /admin/login ...
[migration-metric] {"metric":"migration.theme_resolution.policy","count":1,"tags":{"area":"admin","themeKey":"theme.nexus","mode":"system","allowUserOverride":true}}
[migration-metric] {"metric":"migration.theme_resolution.policy","count":1,"tags":{"area":"dashboard","themeKey":"theme.nexus","mode":"system","allowUserOverride":true}}
[migration-metric] {"metric":"migration.theme_resolution.policy","count":1,"tags":{"area":"frontend","themeKey":"theme.first.frontend","mode":"system","allowUserOverride":true}}
[migration-metric] {"metric":"migration.theme_resolution.policy","count":1,"tags":{"area":"public","themeKey":"theme.first.frontend","mode":"system","allowUserOverride":true}}
[migration-metric] {"metric":"migration.theme_resolution.fallback","count":1,"tags":{"area":"global","themeKey":null,"mode":"system","allowUserOverride":true}}
[perf-trace] {"traceId":"theme:theme.code-template.resolve:121tso:re2z2p","scope":"theme","name":"theme.code-template.resolve","status":"ok","totalMs":18.1,"tags":{"componentId":"page.login.admin","themeId":"theme.nexus"},"endTags":{"hasProvider":true},"steps":[{"step":"loadThemeTemplateAndProvider","totalMs":17.9,"deltaMs":17.9,"tags":{"hasComponent":true,"hasProvider":true}}]}
[migration-metric] {"metric":"migration.theme_resolution.policy","count":1,"tags":{"area":"admin","themeKey":"theme.nexus","mode":"system","allowUserOverride":true}}
[migration-metric] {"metric":"migration.theme_resolution.policy","count":1,"tags":{"area":"dashboard","themeKey":"theme.nexus","mode":"system","allowUserOverride":true}}
[migration-metric] {"metric":"migration.theme_resolution.policy","count":1,"tags":{"area":"frontend","themeKey":"theme.first.frontend","mode":"system","allowUserOverride":true}}
[migration-metric] {"metric":"migration.theme_resolution.policy","count":1,"tags":{"area":"public","themeKey":"theme.first.frontend","mode":"system","allowUserOverride":true}}
[migration-metric] {"metric":"migration.theme_resolution.fallback","count":1,"tags":{"area":"global","themeKey":null,"mode":"system","allowUserOverride":true}}
[perf-trace] {"traceId":"theme:theme.code-template.resolve:1241a2:owymqz","scope":"theme","name":"theme.code-template.resolve","status":"ok","totalMs":4.09,"tags":{"componentId":"page.login.admin","themeId":"theme.nexus"},"endTags":{"hasProvider":true},"steps":[{"step":"loadThemeTemplateAndProvider","totalMs":4.05,"deltaMs":4.05,"tags":{"hasComponent":true,"hasProvider":true}}]}
Error: Route "/admin/login" used `Math.random()` before accessing either uncached data (e.g. `fetch()`) or Request data (e.g. `cookies()`, `headers()`, `connection()`, and `searchParams`). Accessing random values synchronously in a Server Component requires reading one of these data sources first. Alternatively, consider moving this expression into a Client Component or Cache Component. See more info here: https://nextjs.org/docs/messages/next-prerender-random
    at buildTraceId (lib\observability\perf-trace.ts:90:29)
    at createPerfTrace (lib\observability\perf-trace.ts:108:19)
    at resolveThemeCodeTemplate (components\theme\theme-code-template.tsx:184:36)
    at resolveTemplate (components\theme\theme-code-template.tsx:43:26)
    at ThemeCodeTemplate (components\theme\theme-code-template.tsx:422:10)
  88 | function buildTraceId(scope: string, name: string, startedAt: number) {
  89 |   const stablePrefix = `${scope}:${name}:${Math.round(startedAt * 1000).toString(36)}`;
> 90 |   const randomSuffix = Math.random().toString(36).slice(2, 8);
     |                             ^
  91 |   return `${stablePrefix}:${randomSuffix}`;
  92 | }
  93 |
 GET /admin/login 200 in 26.6s (compile: 25.7s, proxy.ts: 6ms, render: 911ms)
[migration-metric] {"metric":"migration.theme_resolution.policy","count":1,"tags":{"area":"admin","themeKey":"theme.nexus","mode":"system","allowUserOverride":true}}
[migration-metric] {"metric":"migration.theme_resolution.policy","count":1,"tags":{"area":"dashboard","themeKey":"theme.nexus","mode":"system","allowUserOverride":true}}
[migration-metric] {"metric":"migration.theme_resolution.policy","count":1,"tags":{"area":"frontend","themeKey":"theme.first.frontend","mode":"system","allowUserOverride":true}}
[migration-metric] {"metric":"migration.theme_resolution.policy","count":1,"tags":{"area":"public","themeKey":"theme.first.frontend","mode":"system","allowUserOverride":true}}
[migration-metric] {"metric":"migration.theme_resolution.fallback","count":1,"tags":{"area":"global","themeKey":null,"mode":"system","allowUserOverride":true}}
[perf-trace] {"traceId":"theme:theme.code-template.resolve:4z4ulw:wexxft","scope":"theme","name":"theme.code-template.resolve","status":"ok","totalMs":3.19,"tags":{"componentId":"page.login.admin","themeId":"theme.nexus"},"endTags":{"hasProvider":true},"steps":[{"step":"loadThemeTemplateAndProvider","totalMs":3.15,"deltaMs":3.15,"tags":{"hasComponent":true,"hasProvider":true}}]}
[migration-metric] {"metric":"migration.theme_resolution.policy","count":1,"tags":{"area":"admin","themeKey":"theme.nexus","mode":"system","allowUserOverride":true}}
[migration-metric] {"metric":"migration.theme_resolution.policy","count":1,"tags":{"area":"dashboard","themeKey":"theme.nexus","mode":"system","allowUserOverride":true}}
[migration-metric] {"metric":"migration.theme_resolution.policy","count":1,"tags":{"area":"frontend","themeKey":"theme.first.frontend","mode":"system","allowUserOverride":true}}
[migration-metric] {"metric":"migration.theme_resolution.policy","count":1,"tags":{"area":"public","themeKey":"theme.first.frontend","mode":"system","allowUserOverride":true}}
[migration-metric] {"metric":"migration.theme_resolution.fallback","count":1,"tags":{"area":"global","themeKey":null,"mode":"system","allowUserOverride":true}}
[perf-trace] {"traceId":"theme:theme.code-template.resolve:4z6406:rcc1vt","scope":"theme","name":"theme.code-template.resolve","status":"ok","totalMs":4,"tags":{"componentId":"page.login.admin","themeId":"theme.nexus"},"endTags":{"hasProvider":true},"steps":[{"step":"loadThemeTemplateAndProvider","totalMs":3.97,"deltaMs":3.97,"tags":{"hasComponent":true,"hasProvider":true}}]}
Error: Route "/admin/login" used `Math.random()` before accessing either uncached data (e.g. `fetch()`) or Request data (e.g. `cookies()`, `headers()`, `connection()`, and `searchParams`). Accessing random values synchronously in a Server Component requires reading one of these data sources first. Alternatively, consider moving this expression into a Client Component or Cache Component. See more info here: https://nextjs.org/docs/messages/next-prerender-random
    at buildTraceId (lib\observability\perf-trace.ts:90:29)
    at createPerfTrace (lib\observability\perf-trace.ts:108:19)
    at resolveThemeCodeTemplate (components\theme\theme-code-template.tsx:184:36)
    at resolveTemplate (components\theme\theme-code-template.tsx:43:26)
    at ThemeCodeTemplate (components\theme\theme-code-template.tsx:422:10)
  88 | function buildTraceId(scope: string, name: string, startedAt: number) {
  89 |   const stablePrefix = `${scope}:${name}:${Math.round(startedAt * 1000).toString(36)}`;
> 90 |   const randomSuffix = Math.random().toString(36).slice(2, 8);
     |                             ^
  91 |   return `${stablePrefix}:${randomSuffix}`;
  92 | }
  93 |
 GET /admin/login 200 in 215ms (compile: 13ms, proxy.ts: 7ms, render: 195ms)
[migration-metric] {"metric":"migration.theme_resolution.policy","count":1,"tags":{"area":"admin","themeKey":"theme.nexus","mode":"system","allowUserOverride":true}}
[migration-metric] {"metric":"migration.theme_resolution.policy","count":1,"tags":{"area":"dashboard","themeKey":"theme.nexus","mode":"system","allowUserOverride":true}}
[migration-metric] {"metric":"migration.theme_resolution.policy","count":1,"tags":{"area":"frontend","themeKey":"theme.first.frontend","mode":"system","allowUserOverride":true}}
[migration-metric] {"metric":"migration.theme_resolution.policy","count":1,"tags":{"area":"public","themeKey":"theme.first.frontend","mode":"system","allowUserOverride":true}}
[migration-metric] {"metric":"migration.theme_resolution.fallback","count":1,"tags":{"area":"global","themeKey":null,"mode":"system","allowUserOverride":true}}
[perf-trace] {"traceId":"theme:theme.code-template.resolve:54mezb:mdom7a","scope":"theme","name":"theme.code-template.resolve","status":"ok","totalMs":1.71,"tags":{"componentId":"page.login.admin","themeId":"theme.nexus"},"endTags":{"hasProvider":true},"steps":[{"step":"loadThemeTemplateAndProvider","totalMs":1.69,"deltaMs":1.69,"tags":{"hasComponent":true,"hasProvider":true}}]}
[migration-metric] {"metric":"migration.theme_resolution.policy","count":1,"tags":{"area":"admin","themeKey":"theme.nexus","mode":"system","allowUserOverride":true}}
[migration-metric] {"metric":"migration.theme_resolution.policy","count":1,"tags":{"area":"dashboard","themeKey":"theme.nexus","mode":"system","allowUserOverride":true}}
[migration-metric] {"metric":"migration.theme_resolution.policy","count":1,"tags":{"area":"frontend","themeKey":"theme.first.frontend","mode":"system","allowUserOverride":true}}
[migration-metric] {"metric":"migration.theme_resolution.policy","count":1,"tags":{"area":"public","themeKey":"theme.first.frontend","mode":"system","allowUserOverride":true}}
[migration-metric] {"metric":"migration.theme_resolution.fallback","count":1,"tags":{"area":"global","themeKey":null,"mode":"system","allowUserOverride":true}}
[perf-trace] {"traceId":"theme:theme.code-template.resolve:54nk9p:00vfu7","scope":"theme","name":"theme.code-template.resolve","status":"ok","totalMs":1.62,"tags":{"componentId":"page.login.admin","themeId":"theme.nexus"},"endTags":{"hasProvider":true},"steps":[{"step":"loadThemeTemplateAndProvider","totalMs":1.6,"deltaMs":1.6,"tags":{"hasComponent":true,"hasProvider":true}}]}
Error: Route "/admin/login" used `Math.random()` before accessing either uncached data (e.g. `fetch()`) or Request data (e.g. `cookies()`, `headers()`, `connection()`, and `searchParams`). Accessing random values synchronously in a Server Component requires reading one of these data sources first. Alternatively, consider moving this expression into a Client Component or Cache Component. See more info here: https://nextjs.org/docs/messages/next-prerender-random
    at buildTraceId (lib\observability\perf-trace.ts:90:29)
    at createPerfTrace (lib\observability\perf-trace.ts:108:19)
    at resolveThemeCodeTemplate (components\theme\theme-code-template.tsx:184:36)
    at resolveTemplate (components\theme\theme-code-template.tsx:43:26)
    at ThemeCodeTemplate (components\theme\theme-code-template.tsx:422:10)
  88 | function buildTraceId(scope: string, name: string, startedAt: number) {
  89 |   const stablePrefix = `${scope}:${name}:${Math.round(startedAt * 1000).toString(36)}`;
> 90 |   const randomSuffix = Math.random().toString(36).slice(2, 8);
     |                             ^
  91 |   return `${stablePrefix}:${randomSuffix}`;
  92 | }
  93 |
 GET /admin/login 200 in 1789ms (compile: 7ms, proxy.ts: 20ms, render: 1762ms)
○ Compiling /admin ...
[migration-metric] {"metric":"migration.theme_resolution.policy","count":1,"tags":{"area":"admin","themeKey":"theme.nexus","mode":"system","allowUserOverride":true}}
[migration-metric] {"metric":"migration.theme_resolution.policy","count":1,"tags":{"area":"dashboard","themeKey":"theme.nexus","mode":"system","allowUserOverride":true}}
[migration-metric] {"metric":"migration.theme_resolution.policy","count":1,"tags":{"area":"frontend","themeKey":"theme.first.frontend","mode":"system","allowUserOverride":true}}
[migration-metric] {"metric":"migration.theme_resolution.policy","count":1,"tags":{"area":"public","themeKey":"theme.first.frontend","mode":"system","allowUserOverride":true}}
[migration-metric] {"metric":"migration.theme_resolution.fallback","count":1,"tags":{"area":"global","themeKey":null,"mode":"system","allowUserOverride":true}}
[perf-trace] {"traceId":"admin:admin.layout.metadata:5g4yci:owgqg4","scope":"admin","name":"admin.layout.metadata","status":"ok","totalMs":2.83,"tags":{"route":"/admin"},"endTags":{"hasIcons":true},"steps":[{"step":"getThemeSelectionForArea","totalMs":1.47,"deltaMs":1.47,"tags":{"themeId":"theme.nexus"}},{"step":"getExternalThemeFaviconDataUrlBySelectionFromConfig","totalMs":2.79,"deltaMs":1.32,"tags":{"hasFavicon":true}}]}
[perf-trace] {"traceId":"admin:admin.page.home:5g4jbg:3cdvyt","scope":"admin","name":"admin.page.home","status":"error","totalMs":28.38,"tags":{"route":"/admin"},"endTags":{"errorName":"AbortError"},"steps":[]}
[perf-trace] {"traceId":"admin:admin.layout:5g4g5i:wyteua","scope":"admin","name":"admin.layout","status":"error","totalMs":33.18,"tags":{"route":"/admin"},"endTags":{"errorName":"AbortError"},"steps":[]}
[migration-metric] {"metric":"migration.theme_resolution.policy","count":1,"tags":{"area":"admin","themeKey":"theme.nexus","mode":"system","allowUserOverride":true}}
[migration-metric] {"metric":"migration.theme_resolution.policy","count":1,"tags":{"area":"dashboard","themeKey":"theme.nexus","mode":"system","allowUserOverride":true}}
[migration-metric] {"metric":"migration.theme_resolution.policy","count":1,"tags":{"area":"frontend","themeKey":"theme.first.frontend","mode":"system","allowUserOverride":true}}
[migration-metric] {"metric":"migration.theme_resolution.policy","count":1,"tags":{"area":"public","themeKey":"theme.first.frontend","mode":"system","allowUserOverride":true}}
[migration-metric] {"metric":"migration.theme_resolution.fallback","count":1,"tags":{"area":"global","themeKey":null,"mode":"system","allowUserOverride":true}}
[perf-trace] {"traceId":"admin:admin.layout.metadata:5g68o1:evivlj","scope":"admin","name":"admin.layout.metadata","status":"ok","totalMs":2.6,"tags":{"route":"/admin"},"endTags":{"hasIcons":true},"steps":[{"step":"getThemeSelectionForArea","totalMs":1,"deltaMs":1,"tags":{"themeId":"theme.nexus"}},{"step":"getExternalThemeFaviconDataUrlBySelectionFromConfig","totalMs":2.59,"deltaMs":1.59,"tags":{"hasFavicon":true}}]}
Error: Route "/admin" used `Math.random()` before accessing either uncached data (e.g. `fetch()`) or Request data (e.g. `cookies()`, `headers()`, `connection()`, and `searchParams`). Accessing random values synchronously in a Server Component requires reading one of these data sources first. Alternatively, consider moving this expression into a Client Component or Cache Component. See more info here: https://nextjs.org/docs/messages/next-prerender-random
    at buildTraceId (lib\observability\perf-trace.ts:90:29)
    at createPerfTrace (lib\observability\perf-trace.ts:108:19)
    at AdminLayout (app\(dashboard)\admin\layout.tsx:91:36)
    at AdminLayout (<anonymous>)
  88 | function buildTraceId(scope: string, name: string, startedAt: number) {
  89 |   const stablePrefix = `${scope}:${name}:${Math.round(startedAt * 1000).toString(36)}`;
> 90 |   const randomSuffix = Math.random().toString(36).slice(2, 8);
     |                             ^
  91 |   return `${stablePrefix}:${randomSuffix}`;
  92 | }
  93 |
[perf-trace] {"traceId":"admin:admin.layout:5g5m3d:ce18za","scope":"admin","name":"admin.layout","status":"ok","totalMs":454.14,"tags":{"route":"/admin"},"endTags":{"themeId":"theme.nexus","wrappedByThemeCodeTemplate":true},"steps":[{"step":"getServerMessages","totalMs":14.67,"deltaMs":14.67,"tags":{}},{"step":"getEnabledModuleNavItems","totalMs":139.81,"deltaMs":125.14,"tags":{"moduleItems":4}},{"step":"emitEvent:adminNavItemsCompose","totalMs":445.54,"deltaMs":305.73,"tags":{}},{"step":"getThemeSelectionForArea","totalMs":445.85,"deltaMs":0.31,"tags":{"themeId":"theme.nexus"}},{"step":"resolveAreaAssetHrefsBySelection","totalMs":445.92,"deltaMs":0.07,"tags":{"cssHrefs":2,"scriptHrefs":0}},{"step":"composeAdminLayoutSlots","totalMs":454.1,"deltaMs":8.18,"tags":{"navVariant":"pro","moduleItems":4}}]}
[perf-trace] {"traceId":"theme:theme.code-template.resolve:5gffx9:luoycu","scope":"theme","name":"theme.code-template.resolve","status":"ok","totalMs":7.32,"tags":{"componentId":"layout.admin.shell","themeId":"theme.nexus"},"endTags":{"hasProvider":true},"steps":[{"step":"loadThemeTemplateAndProvider","totalMs":7.28,"deltaMs":7.28,"tags":{"hasComponent":true,"hasProvider":true}}]}
[perf-trace] {"traceId":"theme:theme.code-template.resolve:5gndwz:w76xdh","scope":"theme","name":"theme.code-template.resolve","status":"ok","totalMs":19.67,"tags":{"componentId":"section.admin.nav","themeId":"theme.nexus"},"endTags":{"hasProvider":true},"steps":[{"step":"loadThemeTemplateAndProvider","totalMs":19.66,"deltaMs":19.66,"tags":{"hasComponent":true,"hasProvider":true}}]}
[perf-trace] {"traceId":"theme:theme.code-template.resolve:5gnhfz:wkm6ju","scope":"theme","name":"theme.code-template.resolve","status":"ok","totalMs":15.48,"tags":{"componentId":"ui.theme-toggle","themeId":"theme.nexus"},"endTags":{"hasProvider":true},"steps":[{"step":"loadThemeTemplateAndProvider","totalMs":15.46,"deltaMs":15.46,"tags":{"hasComponent":true,"hasProvider":true}}]}
[perf-trace] {"traceId":"theme:theme.code-template.resolve:5gnkqq:8jmb3t","scope":"theme","name":"theme.code-template.resolve","status":"ok","totalMs":11.55,"tags":{"componentId":"ui.language-switcher","themeId":"theme.nexus"},"endTags":{"hasProvider":true},"steps":[{"step":"loadThemeTemplateAndProvider","totalMs":11.54,"deltaMs":11.54,"tags":{"hasComponent":true,"hasProvider":true}}]}
[perf-trace] {"traceId":"theme:theme.code-template.resolve:5gno7w:576ngy","scope":"theme","name":"theme.code-template.resolve","status":"ok","totalMs":7.3,"tags":{"componentId":"section.admin.breadcrumb","themeId":"theme.nexus"},"endTags":{"hasProvider":true},"steps":[{"step":"loadThemeTemplateAndProvider","totalMs":7.29,"deltaMs":7.29,"tags":{"hasComponent":true,"hasProvider":true}}]}
[perf-trace] {"traceId":"theme:theme.code-template.resolve:5goi5x:nhdjwx","scope":"theme","name":"theme.code-template.resolve","status":"ok","totalMs":5.4,"tags":{"componentId":"system.not-found","themeId":"theme.nexus"},"endTags":{"hasProvider":true},"steps":[{"step":"loadThemeTemplateAndProvider","totalMs":5.38,"deltaMs":5.38,"tags":{"hasComponent":true,"hasProvider":true}}]}
[perf-trace] {"traceId":"admin:admin.page.home:5g5nfa:7xsf3y","scope":"admin","name":"admin.page.home","status":"ok","totalMs":1701.45,"tags":{"route":"/admin"},"endTags":{"wrappedPageTemplate":true},"steps":[{"step":"requireAdminAccess","totalMs":368.92,"deltaMs":368.92,"tags":{}},{"step":"getServerLocaleAndMessages","totalMs":369.5,"deltaMs":0.58,"tags":{"locale":"en"}},{"step":"loadAdminDashboardData","totalMs":1622.84,"deltaMs":1253.34,"tags":{"activityLogs":120}},{"step":"getEnabledAdminDashboardModules","totalMs":1700.8,"deltaMs":77.96,"tags":{"enabledModules":5}},{"step":"getThemeSelectionForArea","totalMs":1701.08,"deltaMs":0.28,"tags":{"themeId":"theme.nexus"}},{"step":"composeAdminHomeTemplates","totalMs":1701.41,"deltaMs":0.33,"tags":{"wrappedModules":5}}]}
[perf-trace] {"traceId":"theme:theme.code-template.resolve:5h66zb:07owjh","scope":"theme","name":"theme.code-template.resolve","status":"ok","totalMs":41.39,"tags":{"componentId":"page.admin.home","themeId":"theme.nexus"},"endTags":{"hasProvider":true},"steps":[{"step":"loadThemeTemplateAndProvider","totalMs":41.37,"deltaMs":41.37,"tags":{"hasComponent":true,"hasProvider":true}}]}
[perf-trace] {"traceId":"theme:theme.code-template.resolve:5ha7hu:nfh552","scope":"theme","name":"theme.code-template.resolve","status":"ok","totalMs":28.5,"tags":{"componentId":"section.admin.dashboard.overview","themeId":"theme.nexus"},"endTags":{"hasProvider":true},"steps":[{"step":"loadThemeTemplateAndProvider","totalMs":28.48,"deltaMs":28.48,"tags":{"hasComponent":true,"hasProvider":true}}]}
[perf-trace] {"traceId":"theme:theme.code-template.resolve:5hab2s:3j709t","scope":"theme","name":"theme.code-template.resolve","status":"ok","totalMs":24.37,"tags":{"componentId":"section.admin.dashboard.quick-links","themeId":"theme.nexus"},"endTags":{"hasProvider":true},"steps":[{"step":"loadThemeTemplateAndProvider","totalMs":24.36,"deltaMs":24.36,"tags":{"hasComponent":true,"hasProvider":true}}]}
[perf-trace] {"traceId":"theme:theme.code-template.resolve:5hagi3:ocoha6","scope":"theme","name":"theme.code-template.resolve","status":"ok","totalMs":17.65,"tags":{"componentId":"section.admin.dashboard.recent-activity","themeId":"theme.nexus"},"endTags":{"hasProvider":true},"steps":[{"step":"loadThemeTemplateAndProvider","totalMs":17.64,"deltaMs":17.64,"tags":{"hasComponent":true,"hasProvider":true}}]}
[perf-trace] {"traceId":"theme:theme.code-template.resolve:5halw4:pyzfwi","scope":"theme","name":"theme.code-template.resolve","status":"ok","totalMs":10.97,"tags":{"componentId":"section.admin.dashboard.module-widget","themeId":"theme.nexus"},"endTags":{"hasProvider":true},"steps":[{"step":"loadThemeTemplateAndProvider","totalMs":10.96,"deltaMs":10.96,"tags":{"hasComponent":true,"hasProvider":true}}]}
[perf-trace] {"traceId":"theme:theme.code-template.resolve:5haqk1:7p5m5j","scope":"theme","name":"theme.code-template.resolve","status":"ok","totalMs":5.27,"tags":{"componentId":"section.admin.dashboard.module-widget","themeId":"theme.nexus"},"endTags":{"hasProvider":true},"steps":[{"step":"loadThemeTemplateAndProvider","totalMs":5.26,"deltaMs":5.26,"tags":{"hasComponent":true,"hasProvider":true}}]}
The width(-1) and height(-1) of chart should be greater than 0,
       please check the style of container, or the props width(100%) and height(100%),
       or add a minWidth(0) or minHeight(undefined) or use aspect(undefined) to control the
       height and width.
 GET /admin 200 in 10.3s (compile: 6.4s, proxy.ts: 722ms, render: 3.2s)
○ Compiling /admin/users ...
[migration-metric] {"metric":"migration.theme_resolution.policy","count":1,"tags":{"area":"admin","themeKey":"theme.nexus","mode":"system","allowUserOverride":true}}
[migration-metric] {"metric":"migration.theme_resolution.policy","count":1,"tags":{"area":"dashboard","themeKey":"theme.nexus","mode":"system","allowUserOverride":true}}
[migration-metric] {"metric":"migration.theme_resolution.policy","count":1,"tags":{"area":"frontend","themeKey":"theme.first.frontend","mode":"system","allowUserOverride":true}}
[migration-metric] {"metric":"migration.theme_resolution.policy","count":1,"tags":{"area":"public","themeKey":"theme.first.frontend","mode":"system","allowUserOverride":true}}
[migration-metric] {"metric":"migration.theme_resolution.fallback","count":1,"tags":{"area":"global","themeKey":null,"mode":"system","allowUserOverride":true}}
[perf-trace] {"traceId":"admin:admin.layout.metadata:5kw7tt:25s54g","scope":"admin","name":"admin.layout.metadata","status":"ok","totalMs":3.39,"tags":{"route":"/admin"},"endTags":{"hasIcons":true},"steps":[{"step":"getThemeSelectionForArea","totalMs":1.47,"deltaMs":1.47,"tags":{"themeId":"theme.nexus"}},{"step":"getExternalThemeFaviconDataUrlBySelectionFromConfig","totalMs":3.33,"deltaMs":1.86,"tags":{"hasFavicon":true}}]}
[perf-trace] {"traceId":"admin:admin.layout:5kvlk7:9golg5","scope":"admin","name":"admin.layout","status":"error","totalMs":47.66,"tags":{"route":"/admin"},"endTags":{"errorName":"AbortError"},"steps":[]}
[migration-metric] {"metric":"migration.theme_resolution.policy","count":1,"tags":{"area":"admin","themeKey":"theme.nexus","mode":"system","allowUserOverride":true}}
[migration-metric] {"metric":"migration.theme_resolution.policy","count":1,"tags":{"area":"dashboard","themeKey":"theme.nexus","mode":"system","allowUserOverride":true}}
[migration-metric] {"metric":"migration.theme_resolution.policy","count":1,"tags":{"area":"frontend","themeKey":"theme.first.frontend","mode":"system","allowUserOverride":true}}
[migration-metric] {"metric":"migration.theme_resolution.policy","count":1,"tags":{"area":"public","themeKey":"theme.first.frontend","mode":"system","allowUserOverride":true}}
[migration-metric] {"metric":"migration.theme_resolution.fallback","count":1,"tags":{"area":"global","themeKey":null,"mode":"system","allowUserOverride":true}}
[perf-trace] {"traceId":"admin:admin.layout.metadata:5kymu2:x9cjqo","scope":"admin","name":"admin.layout.metadata","status":"ok","totalMs":2.27,"tags":{"route":"/admin"},"endTags":{"hasIcons":true},"steps":[{"step":"getThemeSelectionForArea","totalMs":1.08,"deltaMs":1.08,"tags":{"themeId":"theme.nexus"}},{"step":"getExternalThemeFaviconDataUrlBySelectionFromConfig","totalMs":2.26,"deltaMs":1.18,"tags":{"hasFavicon":true}}]}
Error: Route "/admin/users" used `Math.random()` before accessing either uncached data (e.g. `fetch()`) or Request data (e.g. `cookies()`, `headers()`, `connection()`, and `searchParams`). Accessing random values synchronously in a Server Component requires reading one of these data sources first. Alternatively, consider moving this expression into a Client Component or Cache Component. See more info here: https://nextjs.org/docs/messages/next-prerender-random
    at buildTraceId (lib\observability\perf-trace.ts:90:29)
    at createPerfTrace (lib\observability\perf-trace.ts:108:19)
    at AdminLayout (app\(dashboard)\admin\layout.tsx:91:36)
    at AdminLayout (<anonymous>)
  88 | function buildTraceId(scope: string, name: string, startedAt: number) {
  89 |   const stablePrefix = `${scope}:${name}:${Math.round(startedAt * 1000).toString(36)}`;
> 90 |   const randomSuffix = Math.random().toString(36).slice(2, 8);
     |                             ^
  91 |   return `${stablePrefix}:${randomSuffix}`;
  92 | }
  93 |
[perf-trace] {"traceId":"admin:admin.layout:5kx7es:by6v1h","scope":"admin","name":"admin.layout","status":"ok","totalMs":472.39,"tags":{"route":"/admin"},"endTags":{"themeId":"theme.nexus","wrappedByThemeCodeTemplate":true},"steps":[{"step":"getServerMessages","totalMs":32.85,"deltaMs":32.85,"tags":{}},{"step":"getEnabledModuleNavItems","totalMs":226.34,"deltaMs":193.49,"tags":{"moduleItems":4}},{"step":"emitEvent:adminNavItemsCompose","totalMs":471.54,"deltaMs":245.2,"tags":{}},{"step":"getThemeSelectionForArea","totalMs":471.83,"deltaMs":0.29,"tags":{"themeId":"theme.nexus"}},{"step":"resolveAreaAssetHrefsBySelection","totalMs":471.89,"deltaMs":0.06,"tags":{"cssHrefs":2,"scriptHrefs":0}},{"step":"composeAdminLayoutSlots","totalMs":472.34,"deltaMs":0.46,"tags":{"navVariant":"pro","moduleItems":4}}]}
[perf-trace] {"traceId":"theme:theme.code-template.resolve:5l7fpk:2o6eml","scope":"theme","name":"theme.code-template.resolve","status":"ok","totalMs":0.98,"tags":{"componentId":"layout.admin.shell","themeId":"theme.nexus"},"endTags":{"hasProvider":true},"steps":[{"step":"loadThemeTemplateAndProvider","totalMs":0.97,"deltaMs":0.97,"tags":{"hasComponent":true,"hasProvider":true}}]}
[perf-trace] {"traceId":"theme:theme.code-template.resolve:5l7mmu:w3rah6","scope":"theme","name":"theme.code-template.resolve","status":"ok","totalMs":12.04,"tags":{"componentId":"section.admin.nav","themeId":"theme.nexus"},"endTags":{"hasProvider":true},"steps":[{"step":"loadThemeTemplateAndProvider","totalMs":12.01,"deltaMs":12.01,"tags":{"hasComponent":true,"hasProvider":true}}]}
[perf-trace] {"traceId":"theme:theme.code-template.resolve:5l7ogm:0xfduk","scope":"theme","name":"theme.code-template.resolve","status":"ok","totalMs":10.32,"tags":{"componentId":"ui.theme-toggle","themeId":"theme.nexus"},"endTags":{"hasProvider":true},"steps":[{"step":"loadThemeTemplateAndProvider","totalMs":10.3,"deltaMs":10.3,"tags":{"hasComponent":true,"hasProvider":true}}]}
[perf-trace] {"traceId":"theme:theme.code-template.resolve:5l7qc9:m89iv7","scope":"theme","name":"theme.code-template.resolve","status":"ok","totalMs":8.58,"tags":{"componentId":"ui.language-switcher","themeId":"theme.nexus"},"endTags":{"hasProvider":true},"steps":[{"step":"loadThemeTemplateAndProvider","totalMs":8.55,"deltaMs":8.55,"tags":{"hasComponent":true,"hasProvider":true}}]}
[perf-trace] {"traceId":"theme:theme.code-template.resolve:5l7rbu:36wd28","scope":"theme","name":"theme.code-template.resolve","status":"ok","totalMs":7.92,"tags":{"componentId":"section.admin.breadcrumb","themeId":"theme.nexus"},"endTags":{"hasProvider":true},"steps":[{"step":"loadThemeTemplateAndProvider","totalMs":7.9,"deltaMs":7.9,"tags":{"hasComponent":true,"hasProvider":true}}]}
[perf-trace] {"traceId":"theme:theme.code-template.resolve:5l8ame:4j7631","scope":"theme","name":"theme.code-template.resolve","status":"ok","totalMs":1.49,"tags":{"componentId":"system.not-found","themeId":"theme.nexus"},"endTags":{"hasProvider":true},"steps":[{"step":"loadThemeTemplateAndProvider","totalMs":1.47,"deltaMs":1.47,"tags":{"hasComponent":true,"hasProvider":true}}]}
[perf-trace] {"traceId":"theme:theme.code-template.resolve:5lbmba:i95qqc","scope":"theme","name":"theme.code-template.resolve","status":"ok","totalMs":44.88,"tags":{"componentId":"page.admin.users","themeId":"theme.nexus"},"endTags":{"hasProvider":true},"steps":[{"step":"loadThemeTemplateAndProvider","totalMs":44.85,"deltaMs":44.85,"tags":{"hasComponent":true,"hasProvider":true}}]}
[perf-trace] {"traceId":"theme:theme.code-template.resolve:5lfx3d:54k3gu","scope":"theme","name":"theme.code-template.resolve","status":"ok","totalMs":41.11,"tags":{"componentId":"section.admin.metrics-grid","themeId":"theme.nexus"},"endTags":{"hasProvider":true},"steps":[{"step":"loadThemeTemplateAndProvider","totalMs":41.05,"deltaMs":41.05,"tags":{"hasComponent":true,"hasProvider":true}}]}
[perf-trace] {"traceId":"theme:theme.code-template.resolve:5ljnql:udd0ay","scope":"theme","name":"theme.code-template.resolve","status":"ok","totalMs":16.21,"tags":{"componentId":"ui.dialog","themeId":"theme.nexus"},"endTags":{"hasProvider":true},"steps":[{"step":"loadThemeTemplateAndProvider","totalMs":16.19,"deltaMs":16.19,"tags":{"hasComponent":true,"hasProvider":true}}]}
 GET /admin/users 200 in 5.1s (compile: 3.5s, proxy.ts: 177ms, render: 1439ms)
○ Compiling /admin/orders ...
[migration-metric] {"metric":"migration.theme_resolution.policy","count":1,"tags":{"area":"admin","themeKey":"theme.nexus","mode":"system","allowUserOverride":true}}
[migration-metric] {"metric":"migration.theme_resolution.policy","count":1,"tags":{"area":"dashboard","themeKey":"theme.nexus","mode":"system","allowUserOverride":true}}
[migration-metric] {"metric":"migration.theme_resolution.policy","count":1,"tags":{"area":"frontend","themeKey":"theme.first.frontend","mode":"system","allowUserOverride":true}}
[migration-metric] {"metric":"migration.theme_resolution.policy","count":1,"tags":{"area":"public","themeKey":"theme.first.frontend","mode":"system","allowUserOverride":true}}
[migration-metric] {"metric":"migration.theme_resolution.fallback","count":1,"tags":{"area":"global","themeKey":null,"mode":"system","allowUserOverride":true}}
[perf-trace] {"traceId":"admin:admin.layout.metadata:5sobhx:rd0dh8","scope":"admin","name":"admin.layout.metadata","status":"ok","totalMs":2.3,"tags":{"route":"/admin"},"endTags":{"hasIcons":true},"steps":[{"step":"getThemeSelectionForArea","totalMs":1.08,"deltaMs":1.08,"tags":{"themeId":"theme.nexus"}},{"step":"getExternalThemeFaviconDataUrlBySelectionFromConfig","totalMs":2.27,"deltaMs":1.19,"tags":{"hasFavicon":true}}]}
[perf-trace] {"traceId":"admin:admin.layout:5snu0u:osbz5p","scope":"admin","name":"admin.layout","status":"error","totalMs":34.59,"tags":{"route":"/admin"},"endTags":{"errorName":"AbortError"},"steps":[]}
[migration-metric] {"metric":"migration.theme_resolution.policy","count":1,"tags":{"area":"admin","themeKey":"theme.nexus","mode":"system","allowUserOverride":true}}
[migration-metric] {"metric":"migration.theme_resolution.policy","count":1,"tags":{"area":"dashboard","themeKey":"theme.nexus","mode":"system","allowUserOverride":true}}
[migration-metric] {"metric":"migration.theme_resolution.policy","count":1,"tags":{"area":"frontend","themeKey":"theme.first.frontend","mode":"system","allowUserOverride":true}}
[migration-metric] {"metric":"migration.theme_resolution.policy","count":1,"tags":{"area":"public","themeKey":"theme.first.frontend","mode":"system","allowUserOverride":true}}
[migration-metric] {"metric":"migration.theme_resolution.fallback","count":1,"tags":{"area":"global","themeKey":null,"mode":"system","allowUserOverride":true}}
[perf-trace] {"traceId":"admin:admin.layout.metadata:5spj1a:aioqp8","scope":"admin","name":"admin.layout.metadata","status":"ok","totalMs":4.82,"tags":{"route":"/admin"},"endTags":{"hasIcons":true},"steps":[{"step":"getThemeSelectionForArea","totalMs":1.66,"deltaMs":1.66,"tags":{"themeId":"theme.nexus"}},{"step":"getExternalThemeFaviconDataUrlBySelectionFromConfig","totalMs":4.81,"deltaMs":3.14,"tags":{"hasFavicon":true}}]}
Error: Route "/admin/orders" used `Math.random()` before accessing either uncached data (e.g. `fetch()`) or Request data (e.g. `cookies()`, `headers()`, `connection()`, and `searchParams`). Accessing random values synchronously in a Server Component requires reading one of these data sources first. Alternatively, consider moving this expression into a Client Component or Cache Component. See more info here: https://nextjs.org/docs/messages/next-prerender-random
    at buildTraceId (lib\observability\perf-trace.ts:90:29)
    at createPerfTrace (lib\observability\perf-trace.ts:108:19)
    at AdminLayout (app\(dashboard)\admin\layout.tsx:91:36)
    at AdminLayout (<anonymous>)
  88 | function buildTraceId(scope: string, name: string, startedAt: number) {
  89 |   const stablePrefix = `${scope}:${name}:${Math.round(startedAt * 1000).toString(36)}`;
> 90 |   const randomSuffix = Math.random().toString(36).slice(2, 8);
     |                             ^
  91 |   return `${stablePrefix}:${randomSuffix}`;
  92 | }
  93 |
[perf-trace] {"traceId":"admin:admin.layout:5sot61:cdxwvn","scope":"admin","name":"admin.layout","status":"ok","totalMs":358.48,"tags":{"route":"/admin"},"endTags":{"themeId":"theme.nexus","wrappedByThemeCodeTemplate":true},"steps":[{"step":"getServerMessages","totalMs":15.82,"deltaMs":15.82,"tags":{}},{"step":"getEnabledModuleNavItems","totalMs":119.5,"deltaMs":103.68,"tags":{"moduleItems":4}},{"step":"emitEvent:adminNavItemsCompose","totalMs":357.69,"deltaMs":238.19,"tags":{}},{"step":"getThemeSelectionForArea","totalMs":357.96,"deltaMs":0.27,"tags":{"themeId":"theme.nexus"}},{"step":"resolveAreaAssetHrefsBySelection","totalMs":358.02,"deltaMs":0.06,"tags":{"cssHrefs":2,"scriptHrefs":0}},{"step":"composeAdminLayoutSlots","totalMs":358.44,"deltaMs":0.42,"tags":{"navVariant":"pro","moduleItems":4}}]}
[perf-trace] {"traceId":"theme:theme.code-template.resolve:5swkki:mks4wz","scope":"theme","name":"theme.code-template.resolve","status":"ok","totalMs":0.85,"tags":{"componentId":"layout.admin.shell","themeId":"theme.nexus"},"endTags":{"hasProvider":true},"steps":[{"step":"loadThemeTemplateAndProvider","totalMs":0.83,"deltaMs":0.83,"tags":{"hasComponent":true,"hasProvider":true}}]}
[perf-trace] {"traceId":"theme:theme.code-template.resolve:5swrqf:rvz4b4","scope":"theme","name":"theme.code-template.resolve","status":"ok","totalMs":5.56,"tags":{"componentId":"section.admin.nav","themeId":"theme.nexus"},"endTags":{"hasProvider":true},"steps":[{"step":"loadThemeTemplateAndProvider","totalMs":5.55,"deltaMs":5.55,"tags":{"hasComponent":true,"hasProvider":true}}]}
[perf-trace] {"traceId":"theme:theme.code-template.resolve:5swsn3:zpwrdc","scope":"theme","name":"theme.code-template.resolve","status":"ok","totalMs":4.7,"tags":{"componentId":"ui.theme-toggle","themeId":"theme.nexus"},"endTags":{"hasProvider":true},"steps":[{"step":"loadThemeTemplateAndProvider","totalMs":4.7,"deltaMs":4.7,"tags":{"hasComponent":true,"hasProvider":true}}]}
[perf-trace] {"traceId":"theme:theme.code-template.resolve:5swtdf:jw6pm0","scope":"theme","name":"theme.code-template.resolve","status":"ok","totalMs":3.96,"tags":{"componentId":"ui.language-switcher","themeId":"theme.nexus"},"endTags":{"hasProvider":true},"steps":[{"step":"loadThemeTemplateAndProvider","totalMs":3.95,"deltaMs":3.95,"tags":{"hasComponent":true,"hasProvider":true}}]}
[perf-trace] {"traceId":"theme:theme.code-template.resolve:5swu8a:zy5n7r","scope":"theme","name":"theme.code-template.resolve","status":"ok","totalMs":3.04,"tags":{"componentId":"section.admin.breadcrumb","themeId":"theme.nexus"},"endTags":{"hasProvider":true},"steps":[{"step":"loadThemeTemplateAndProvider","totalMs":3.03,"deltaMs":3.03,"tags":{"hasComponent":true,"hasProvider":true}}]}
[perf-trace] {"traceId":"theme:theme.code-template.resolve:5sxb4i:xfgpnu","scope":"theme","name":"theme.code-template.resolve","status":"ok","totalMs":226.93,"tags":{"componentId":"system.not-found","themeId":"theme.nexus"},"endTags":{"hasProvider":true},"steps":[{"step":"loadThemeTemplateAndProvider","totalMs":226.92,"deltaMs":226.92,"tags":{"hasComponent":true,"hasProvider":true}}]}
[perf-trace] {"traceId":"theme:theme.code-template.resolve:5sxbux:avxb5v","scope":"theme","name":"theme.code-template.resolve","status":"ok","totalMs":227.54,"tags":{"componentId":"page.admin.orders","themeId":"theme.nexus"},"endTags":{"hasProvider":true},"steps":[{"step":"loadThemeTemplateAndProvider","totalMs":227.52,"deltaMs":227.52,"tags":{"hasComponent":true,"hasProvider":true}}]}
[perf-trace] {"traceId":"theme:theme.code-template.resolve:5t2r5f:mxwnus","scope":"theme","name":"theme.code-template.resolve","status":"ok","totalMs":4.2,"tags":{"componentId":"section.admin.metrics-grid","themeId":"theme.nexus"},"endTags":{"hasProvider":true},"steps":[{"step":"loadThemeTemplateAndProvider","totalMs":4.18,"deltaMs":4.18,"tags":{"hasComponent":true,"hasProvider":true}}]}
 GET /admin/orders 200 in 11.5s (compile: 10.4s, proxy.ts: 160ms, render: 975ms)
[migration-metric] {"metric":"migration.theme_resolution.policy","count":1,"tags":{"area":"admin","themeKey":"theme.nexus","mode":"system","allowUserOverride":true}}
[migration-metric] {"metric":"migration.theme_resolution.policy","count":1,"tags":{"area":"dashboard","themeKey":"theme.nexus","mode":"system","allowUserOverride":true}}
[migration-metric] {"metric":"migration.theme_resolution.policy","count":1,"tags":{"area":"frontend","themeKey":"theme.first.frontend","mode":"system","allowUserOverride":true}}
[migration-metric] {"metric":"migration.theme_resolution.policy","count":1,"tags":{"area":"public","themeKey":"theme.first.frontend","mode":"system","allowUserOverride":true}}
[migration-metric] {"metric":"migration.theme_resolution.fallback","count":1,"tags":{"area":"global","themeKey":null,"mode":"system","allowUserOverride":true}}
[perf-trace] {"traceId":"admin:admin.layout.metadata:5u0ggc:8cq50h","scope":"admin","name":"admin.layout.metadata","status":"ok","totalMs":2.23,"tags":{"route":"/admin"},"endTags":{"hasIcons":true},"steps":[{"step":"getThemeSelectionForArea","totalMs":1.04,"deltaMs":1.04,"tags":{"themeId":"theme.nexus"}},{"step":"getExternalThemeFaviconDataUrlBySelectionFromConfig","totalMs":2.22,"deltaMs":1.18,"tags":{"hasFavicon":true}}]}
[perf-trace] {"traceId":"admin:admin.page.home:5u00bw:q0l9s4","scope":"admin","name":"admin.page.home","status":"error","totalMs":41.36,"tags":{"route":"/admin"},"endTags":{"errorName":"AbortError"},"steps":[]}
[perf-trace] {"traceId":"admin:admin.layout:5tzyx3:npohpc","scope":"admin","name":"admin.layout","status":"error","totalMs":43.69,"tags":{"route":"/admin"},"endTags":{"errorName":"AbortError"},"steps":[]}
[migration-metric] {"metric":"migration.theme_resolution.policy","count":1,"tags":{"area":"admin","themeKey":"theme.nexus","mode":"system","allowUserOverride":true}}
[migration-metric] {"metric":"migration.theme_resolution.policy","count":1,"tags":{"area":"dashboard","themeKey":"theme.nexus","mode":"system","allowUserOverride":true}}
[migration-metric] {"metric":"migration.theme_resolution.policy","count":1,"tags":{"area":"frontend","themeKey":"theme.first.frontend","mode":"system","allowUserOverride":true}}
[migration-metric] {"metric":"migration.theme_resolution.policy","count":1,"tags":{"area":"public","themeKey":"theme.first.frontend","mode":"system","allowUserOverride":true}}
[migration-metric] {"metric":"migration.theme_resolution.fallback","count":1,"tags":{"area":"global","themeKey":null,"mode":"system","allowUserOverride":true}}
[perf-trace] {"traceId":"admin:admin.layout.metadata:5u1thw:9b9w7j","scope":"admin","name":"admin.layout.metadata","status":"ok","totalMs":2.32,"tags":{"route":"/admin"},"endTags":{"hasIcons":true},"steps":[{"step":"getThemeSelectionForArea","totalMs":1.03,"deltaMs":1.03,"tags":{"themeId":"theme.nexus"}},{"step":"getExternalThemeFaviconDataUrlBySelectionFromConfig","totalMs":2.31,"deltaMs":1.28,"tags":{"hasFavicon":true}}]}
Error: Route "/admin" used `Math.random()` before accessing either uncached data (e.g. `fetch()`) or Request data (e.g. `cookies()`, `headers()`, `connection()`, and `searchParams`). Accessing random values synchronously in a Server Component requires reading one of these data sources first. Alternatively, consider moving this expression into a Client Component or Cache Component. See more info here: https://nextjs.org/docs/messages/next-prerender-random
    at buildTraceId (lib\observability\perf-trace.ts:90:29)
    at createPerfTrace (lib\observability\perf-trace.ts:108:19)
    at AdminLayout (app\(dashboard)\admin\layout.tsx:91:36)
    at AdminLayout (<anonymous>)
  88 | function buildTraceId(scope: string, name: string, startedAt: number) {
  89 |   const stablePrefix = `${scope}:${name}:${Math.round(startedAt * 1000).toString(36)}`;
> 90 |   const randomSuffix = Math.random().toString(36).slice(2, 8);
     |                             ^
  91 |   return `${stablePrefix}:${randomSuffix}`;
  92 | }
  93 |
[perf-trace] {"traceId":"admin:admin.layout:5u14id:x5frd4","scope":"admin","name":"admin.layout","status":"ok","totalMs":348.22,"tags":{"route":"/admin"},"endTags":{"themeId":"theme.nexus","wrappedByThemeCodeTemplate":true},"steps":[{"step":"getServerMessages","totalMs":17.88,"deltaMs":17.88,"tags":{}},{"step":"getEnabledModuleNavItems","totalMs":113.35,"deltaMs":95.47,"tags":{"moduleItems":4}},{"step":"emitEvent:adminNavItemsCompose","totalMs":346.84,"deltaMs":233.49,"tags":{}},{"step":"getThemeSelectionForArea","totalMs":347.35,"deltaMs":0.51,"tags":{"themeId":"theme.nexus"}},{"step":"resolveAreaAssetHrefsBySelection","totalMs":347.45,"deltaMs":0.1,"tags":{"cssHrefs":2,"scriptHrefs":0}},{"step":"composeAdminLayoutSlots","totalMs":348.19,"deltaMs":0.74,"tags":{"navVariant":"pro","moduleItems":4}}]}
[perf-trace] {"traceId":"theme:theme.code-template.resolve:5u8pv9:3mt2nh","scope":"theme","name":"theme.code-template.resolve","status":"ok","totalMs":1.83,"tags":{"componentId":"layout.admin.shell","themeId":"theme.nexus"},"endTags":{"hasProvider":true},"steps":[{"step":"loadThemeTemplateAndProvider","totalMs":1.81,"deltaMs":1.81,"tags":{"hasComponent":true,"hasProvider":true}}]}
[perf-trace] {"traceId":"theme:theme.code-template.resolve:5u95mb:afhreb","scope":"theme","name":"theme.code-template.resolve","status":"ok","totalMs":12.08,"tags":{"componentId":"section.admin.nav","themeId":"theme.nexus"},"endTags":{"hasProvider":true},"steps":[{"step":"loadThemeTemplateAndProvider","totalMs":12.06,"deltaMs":12.06,"tags":{"hasComponent":true,"hasProvider":true}}]}
[perf-trace] {"traceId":"theme:theme.code-template.resolve:5u97qp:d1jey8","scope":"theme","name":"theme.code-template.resolve","status":"ok","totalMs":9.81,"tags":{"componentId":"ui.theme-toggle","themeId":"theme.nexus"},"endTags":{"hasProvider":true},"steps":[{"step":"loadThemeTemplateAndProvider","totalMs":9.8,"deltaMs":9.8,"tags":{"hasComponent":true,"hasProvider":true}}]}
[perf-trace] {"traceId":"theme:theme.code-template.resolve:5u99bw:hdc2cs","scope":"theme","name":"theme.code-template.resolve","status":"ok","totalMs":8.16,"tags":{"componentId":"ui.language-switcher","themeId":"theme.nexus"},"endTags":{"hasProvider":true},"steps":[{"step":"loadThemeTemplateAndProvider","totalMs":8.14,"deltaMs":8.14,"tags":{"hasComponent":true,"hasProvider":true}}]}
[perf-trace] {"traceId":"theme:theme.code-template.resolve:5u9b93:b27kk2","scope":"theme","name":"theme.code-template.resolve","status":"ok","totalMs":6.02,"tags":{"componentId":"section.admin.breadcrumb","themeId":"theme.nexus"},"endTags":{"hasProvider":true},"steps":[{"step":"loadThemeTemplateAndProvider","totalMs":6,"deltaMs":6,"tags":{"hasComponent":true,"hasProvider":true}}]}
[perf-trace] {"traceId":"theme:theme.code-template.resolve:5u9ubq:v06146","scope":"theme","name":"theme.code-template.resolve","status":"ok","totalMs":0.86,"tags":{"componentId":"system.not-found","themeId":"theme.nexus"},"endTags":{"hasProvider":true},"steps":[{"step":"loadThemeTemplateAndProvider","totalMs":0.85,"deltaMs":0.85,"tags":{"hasComponent":true,"hasProvider":true}}]}
[perf-trace] {"traceId":"admin:admin.page.home:5u160u:1s2vu8","scope":"admin","name":"admin.page.home","status":"ok","totalMs":539.79,"tags":{"route":"/admin"},"endTags":{"wrappedPageTemplate":true},"steps":[{"step":"requireAdminAccess","totalMs":216.1,"deltaMs":216.1,"tags":{}},{"step":"getServerLocaleAndMessages","totalMs":216.63,"deltaMs":0.53,"tags":{"locale":"en"}},{"step":"loadAdminDashboardData","totalMs":460.19,"deltaMs":243.56,"tags":{"activityLogs":120}},{"step":"getEnabledAdminDashboardModules","totalMs":538.63,"deltaMs":78.44,"tags":{"enabledModules":5}},{"step":"getThemeSelectionForArea","totalMs":539.16,"deltaMs":0.53,"tags":{"themeId":"theme.nexus"}},{"step":"composeAdminHomeTemplates","totalMs":539.73,"deltaMs":0.56,"tags":{"wrappedModules":5}}]}
[perf-trace] {"traceId":"theme:theme.code-template.resolve:5ucufp:gxqmpp","scope":"theme","name":"theme.code-template.resolve","status":"ok","totalMs":0.92,"tags":{"componentId":"page.admin.home","themeId":"theme.nexus"},"endTags":{"hasProvider":true},"steps":[{"step":"loadThemeTemplateAndProvider","totalMs":0.9,"deltaMs":0.9,"tags":{"hasComponent":true,"hasProvider":true}}]}
[perf-trace] {"traceId":"theme:theme.code-template.resolve:5ud4x2:jx5mpc","scope":"theme","name":"theme.code-template.resolve","status":"ok","totalMs":6.82,"tags":{"componentId":"section.admin.dashboard.overview","themeId":"theme.nexus"},"endTags":{"hasProvider":true},"steps":[{"step":"loadThemeTemplateAndProvider","totalMs":6.81,"deltaMs":6.81,"tags":{"hasComponent":true,"hasProvider":true}}]}
[perf-trace] {"traceId":"theme:theme.code-template.resolve:5ud627:485c6m","scope":"theme","name":"theme.code-template.resolve","status":"ok","totalMs":5.64,"tags":{"componentId":"section.admin.dashboard.quick-links","themeId":"theme.nexus"},"endTags":{"hasProvider":true},"steps":[{"step":"loadThemeTemplateAndProvider","totalMs":5.62,"deltaMs":5.62,"tags":{"hasComponent":true,"hasProvider":true}}]}
[perf-trace] {"traceId":"theme:theme.code-template.resolve:5ud7b0:x42ndr","scope":"theme","name":"theme.code-template.resolve","status":"ok","totalMs":4.24,"tags":{"componentId":"section.admin.dashboard.recent-activity","themeId":"theme.nexus"},"endTags":{"hasProvider":true},"steps":[{"step":"loadThemeTemplateAndProvider","totalMs":4.24,"deltaMs":4.24,"tags":{"hasComponent":true,"hasProvider":true}}]}
[perf-trace] {"traceId":"theme:theme.code-template.resolve:5ud8ex:ne6e3l","scope":"theme","name":"theme.code-template.resolve","status":"ok","totalMs":3,"tags":{"componentId":"section.admin.dashboard.module-widget","themeId":"theme.nexus"},"endTags":{"hasProvider":true},"steps":[{"step":"loadThemeTemplateAndProvider","totalMs":3,"deltaMs":3,"tags":{"hasComponent":true,"hasProvider":true}}]}
[perf-trace] {"traceId":"theme:theme.code-template.resolve:5ud9c3:abn5uf","scope":"theme","name":"theme.code-template.resolve","status":"ok","totalMs":1.99,"tags":{"componentId":"section.admin.dashboard.module-widget","themeId":"theme.nexus"},"endTags":{"hasProvider":true},"steps":[{"step":"loadThemeTemplateAndProvider","totalMs":1.98,"deltaMs":1.98,"tags":{"hasComponent":true,"hasProvider":true}}]}
The width(-1) and height(-1) of chart should be greater than 0,
       please check the style of container, or the props width(100%) and height(100%),
       or add a minWidth(0) or minHeight(undefined) or use aspect(undefined) to control the
       height and width.
 GET /admin 200 in 1207ms (compile: 7ms, proxy.ts: 165ms, render: 1035ms)
